/mnt/ssd1tb/nanobot/workspace/projects/p2p-preprint-archive/test/test_replicate.js:187
    const atRisk = await atRiskPapers()
                   ^^^^^

SyntaxError: await is only valid in async functions and the top level bodies of modules
    at wrapSafe (node:internal/modules/cjs/loader:1743:18)
    at Module._compile (node:internal/modules/cjs/loader:1786:20)
    at Object..js (node:internal/modules/cjs/loader:1943:10)
    at Module.load (node:internal/modules/cjs/loader:1533:32)
    at Module._load (node:internal/modules/cjs/loader:1335:12)
    at wrapModuleLoad (node:internal/modules/cjs/loader:255:19)
    at Module.executeUserEntryPoint [as runMain] (node:internal/modules/run_main:154:5)
    at node:internal/main/run_main_module:33:47

Node.js v24.14.0
✖ test/test_replicate.js (120.703072ms)
ℹ tests 1
ℹ suites 0
ℹ pass 0
ℹ fail 1
ℹ cancelled 0
ℹ skipped 0
ℹ todo 0
ℹ duration_ms 168.892506

✖ failing tests:

test at test/test_replicate.js:1:1
✖ test/test_replicate.js (120.703072ms)
  'test failed'
